woodenAxe:1 8
woodenAxe:2 14
woodenAxe:3 19
woodenPickaxe:1 21
quarry:1 31
woodenAxe:5 40
quarry:3 63
woodenPickaxe:2 63
stonePickaxe:1 65
coalMine:2 86
quarry:5 102
furnace:1 105
woodenAxe:8 107
coalMine:4 135
caves:1 234
woodenAxe:12 234
furnace:2 234
smelter:1 269
ironMine:2 325
woodenAxe:15 325
furnace:3 325
smelter:2 350
ironMine:3 390
ironPickaxe:1 398
woodenAxe:20 417
torchWorkshop:1 432
quarry:8 444
coalMine:6 444
ironMine:5 490
furnace:5 490
smelter:4 529
woodenAxe:25 569
torchWorkshop:2 587
